Invalid option: --clean
